[redressright.me/index.html]
[backblue.gif]
[fade.gif]
[index.html]
[r.mobirisesite.com/2130286/assets/images/photo-1611079830811-865ff4428d17.0.delayed]
[cdnjs.cloudflare.com/ajax/libs/font-awesome/6.4.0/css/all.min.css]
[redressright.me/PFR.html]
[redressright.me/GAAP.html]
[redressright.me/CLMP.html]
[redressright.me/CPSA.html]
[redressright.me/PORG.html]
[redressright.me/TRCF.html]
[redressright.me/DIBE.html]
[redressright.me/CCSN.html]
[redressright.me/EEEJ.html]
[redressright.me/FDRF.html]
[redressright.me/At-PAR.html]
[redressright.me/Agent.html]
[redressright.me/huma.html]
[redressright.me/Terms.html]
[redressright.me/index.html]
[r.mobirisesite.com/2130286/assets/images/photo-1611079830811-865ff4428d17.html]
[redressright.me/e2zero-sypher.js]
[cdnjs.cloudflare.com/ajax/libs/font-awesome/6.4.0/css/all.min.css]
[cdnjs.cloudflare.com/ajax/libs/mammoth/1.6.0/mammoth.browser.min.js]
[cdnjs.cloudflare.com/ajax/libs/pdf.js/3.11.174/pdf.min.js]
[cdnjs.cloudflare.com/ajax/libs/html-docx-js/0.3.1/html-docx.js]
[cdnjs.cloudflare.com/ajax/libs/jspdf/2.5.1/jspdf.umd.min.js]
[cdnjs.cloudflare.com/ajax/libs/html2canvas/1.4.1/html2canvas.min.js]
[redressright.me/PFR.html]
[cdnjs.cloudflare.com/ajax/libs/pdf.js/3.11.174/pdf.worker.min.js]
[cdn.jsdelivr.net/npm/tailwindcss@2.2.19/dist/tailwind.min.css]
[cdnjs.cloudflare.com/ajax/libs/FileSaver.js/2.0.5/FileSaver.min.js]
[cdnjs.cloudflare.com/ajax/libs/jspdf-autotable/3.5.31/jspdf.plugin.autotable.min.js]
[cdnjs.cloudflare.com/ajax/libs/dompurify/3.1.6/purify.min.js]
[redressright.me/GAAP.html]
[cdnjs.cloudflare.com/ajax/libs/font-awesome/6.5.1/css/all.min.css]
[www.gstatic.com/firebasejs/10.7.1/firebase-app-compat.js]
[www.gstatic.com/firebasejs/10.7.1/firebase-firestore-compat.js]
[redressright.me/firebase-config.js]
[redressright.me/CLMP.html]
[redressright.me/shared-toolbar.js]
[redressright.me/CPSA.html]
[redressright.me/PORG.html]
[redressright.me/TRCF.html]
[redressright.me/DIBE.html]
[redressright.me/CCSN.html]
[redressright.me/EEEJ.html]
[redressright.me/FDRF.html]
[redressright.me/At-PAR.html]
[redressright.me/Agent.html]
[redressright.me/huma.html]
[redressright.me/index-2.html]
[redressright.me/Terms.html]
[cdnjs.cloudflare.com/ajax/libs/html-docx-js/0.3.1/html-docx.html]
[redressright.me/document.html]
[redressright.me/document-2.html]
[redressright.me/document-3.html]
[cdn.jsdelivr.net/npm/tailwindcss@2.2.19/dist/tailwind.min.css]
[cdnjs.cloudflare.com/ajax/libs/font-awesome/6.5.1/css/all.min.css]
[redressright.me/OC_APIFY_CONSOLE_URL.html]
[redressright.me/url.html]
[redressright.me/rawUrl.html]
[redressright.me/[Gmail]/index.html]
[redressright.me/index-2.html]
